
A module that was compiled using NumPy 1.x cannot be run in
NumPy 2.2.6 as it may crash. To support both 1.x and 2.x
versions of NumPy, modules must be compiled with NumPy 2.0.
Some module may need to rebuild instead e.g. with 'pybind11>=2.12'.

If you are a user of the module, the easiest solution will be to
downgrade to 'numpy<2' or try to upgrade the affected module.
We expect that some modules will need time to support NumPy 2.

Traceback (most recent call last):  File "/home/ben/Ben/Thesis/tractor_trailer_rl_cupy/scripts/train_obstacle.py", line 113, in <module>
    main()
  File "/home/ben/Ben/Thesis/tractor_trailer_rl_cupy/scripts/train_obstacle.py", line 75, in main
    from tractor_trailer_rl.batched.sb3_adapter import SB3BatchedVecEnv
  File "/home/ben/Ben/Thesis/tractor_trailer_rl_cupy/scripts/../src/tractor_trailer_rl/batched/sb3_adapter.py", line 25, in <module>
    from stable_baselines3.common.vec_env.base_vec_env import VecEnv  # noqa: E402
  File "/home/ben/.local/lib/python3.10/site-packages/stable_baselines3/__init__.py", line 3, in <module>
    from stable_baselines3.a2c import A2C
  File "/home/ben/.local/lib/python3.10/site-packages/stable_baselines3/a2c/__init__.py", line 1, in <module>
    from stable_baselines3.a2c.a2c import A2C
  File "/home/ben/.local/lib/python3.10/site-packages/stable_baselines3/a2c/a2c.py", line 7, in <module>
    from stable_baselines3.common.buffers import RolloutBuffer
  File "/home/ben/.local/lib/python3.10/site-packages/stable_baselines3/common/buffers.py", line 17, in <module>
    from stable_baselines3.common.utils import get_device
  File "/home/ben/.local/lib/python3.10/site-packages/stable_baselines3/common/utils.py", line 26, in <module>
    from stable_baselines3.common.logger import Logger, configure
  File "/home/ben/.local/lib/python3.10/site-packages/stable_baselines3/common/logger.py", line 14, in <module>
    import pandas
  File "/home/ben/.local/lib/python3.10/site-packages/pandas/__init__.py", line 49, in <module>
    from pandas.core.api import (
  File "/home/ben/.local/lib/python3.10/site-packages/pandas/core/api.py", line 28, in <module>
    from pandas.core.arrays import Categorical
  File "/home/ben/.local/lib/python3.10/site-packages/pandas/core/arrays/__init__.py", line 1, in <module>
    from pandas.core.arrays.arrow import ArrowExtensionArray
  File "/home/ben/.local/lib/python3.10/site-packages/pandas/core/arrays/arrow/__init__.py", line 5, in <module>
    from pandas.core.arrays.arrow.array import ArrowExtensionArray
  File "/home/ben/.local/lib/python3.10/site-packages/pandas/core/arrays/arrow/array.py", line 53, in <module>
    from pandas.core import (
  File "/home/ben/.local/lib/python3.10/site-packages/pandas/core/ops/__init__.py", line 8, in <module>
    from pandas.core.ops.array_ops import (
  File "/home/ben/.local/lib/python3.10/site-packages/pandas/core/ops/array_ops.py", line 56, in <module>
    from pandas.core.computation import expressions
  File "/home/ben/.local/lib/python3.10/site-packages/pandas/core/computation/expressions.py", line 21, in <module>
    from pandas.core.computation.check import NUMEXPR_INSTALLED
  File "/home/ben/.local/lib/python3.10/site-packages/pandas/core/computation/check.py", line 5, in <module>
    ne = import_optional_dependency("numexpr", errors="warn")
  File "/home/ben/.local/lib/python3.10/site-packages/pandas/compat/_optional.py", line 135, in import_optional_dependency
    module = importlib.import_module(name)
  File "/usr/lib/python3.10/importlib/__init__.py", line 126, in import_module
    return _bootstrap._gcd_import(name[level:], package, level)
  File "/usr/lib/python3/dist-packages/numexpr/__init__.py", line 24, in <module>
    from numexpr.interpreter import MAX_THREADS, use_vml, __BLOCK_SIZE1__
AttributeError: _ARRAY_API not found

A module that was compiled using NumPy 1.x cannot be run in
NumPy 2.2.6 as it may crash. To support both 1.x and 2.x
versions of NumPy, modules must be compiled with NumPy 2.0.
Some module may need to rebuild instead e.g. with 'pybind11>=2.12'.

If you are a user of the module, the easiest solution will be to
downgrade to 'numpy<2' or try to upgrade the affected module.
We expect that some modules will need time to support NumPy 2.

Traceback (most recent call last):  File "/home/ben/Ben/Thesis/tractor_trailer_rl_cupy/scripts/train_obstacle.py", line 113, in <module>
    main()
  File "/home/ben/Ben/Thesis/tractor_trailer_rl_cupy/scripts/train_obstacle.py", line 75, in main
    from tractor_trailer_rl.batched.sb3_adapter import SB3BatchedVecEnv
  File "/home/ben/Ben/Thesis/tractor_trailer_rl_cupy/scripts/../src/tractor_trailer_rl/batched/sb3_adapter.py", line 25, in <module>
    from stable_baselines3.common.vec_env.base_vec_env import VecEnv  # noqa: E402
  File "/home/ben/.local/lib/python3.10/site-packages/stable_baselines3/__init__.py", line 3, in <module>
    from stable_baselines3.a2c import A2C
  File "/home/ben/.local/lib/python3.10/site-packages/stable_baselines3/a2c/__init__.py", line 1, in <module>
    from stable_baselines3.a2c.a2c import A2C
  File "/home/ben/.local/lib/python3.10/site-packages/stable_baselines3/a2c/a2c.py", line 7, in <module>
    from stable_baselines3.common.buffers import RolloutBuffer
  File "/home/ben/.local/lib/python3.10/site-packages/stable_baselines3/common/buffers.py", line 17, in <module>
    from stable_baselines3.common.utils import get_device
  File "/home/ben/.local/lib/python3.10/site-packages/stable_baselines3/common/utils.py", line 26, in <module>
    from stable_baselines3.common.logger import Logger, configure
  File "/home/ben/.local/lib/python3.10/site-packages/stable_baselines3/common/logger.py", line 14, in <module>
    import pandas
  File "/home/ben/.local/lib/python3.10/site-packages/pandas/__init__.py", line 49, in <module>
    from pandas.core.api import (
  File "/home/ben/.local/lib/python3.10/site-packages/pandas/core/api.py", line 28, in <module>
    from pandas.core.arrays import Categorical
  File "/home/ben/.local/lib/python3.10/site-packages/pandas/core/arrays/__init__.py", line 1, in <module>
    from pandas.core.arrays.arrow import ArrowExtensionArray
  File "/home/ben/.local/lib/python3.10/site-packages/pandas/core/arrays/arrow/__init__.py", line 5, in <module>
    from pandas.core.arrays.arrow.array import ArrowExtensionArray
  File "/home/ben/.local/lib/python3.10/site-packages/pandas/core/arrays/arrow/array.py", line 67, in <module>
    from pandas.core.arrays.masked import BaseMaskedArray
  File "/home/ben/.local/lib/python3.10/site-packages/pandas/core/arrays/masked.py", line 61, in <module>
    from pandas.core import (
  File "/home/ben/.local/lib/python3.10/site-packages/pandas/core/nanops.py", line 52, in <module>
    bn = import_optional_dependency("bottleneck", errors="warn")
  File "/home/ben/.local/lib/python3.10/site-packages/pandas/compat/_optional.py", line 135, in import_optional_dependency
    module = importlib.import_module(name)
  File "/usr/lib/python3.10/importlib/__init__.py", line 126, in import_module
    return _bootstrap._gcd_import(name[level:], package, level)
  File "/usr/lib/python3/dist-packages/bottleneck/__init__.py", line 2, in <module>
    from .reduce import (
AttributeError: _ARRAY_API not found

A module that was compiled using NumPy 1.x cannot be run in
NumPy 2.2.6 as it may crash. To support both 1.x and 2.x
versions of NumPy, modules must be compiled with NumPy 2.0.
Some module may need to rebuild instead e.g. with 'pybind11>=2.12'.

If you are a user of the module, the easiest solution will be to
downgrade to 'numpy<2' or try to upgrade the affected module.
We expect that some modules will need time to support NumPy 2.

Traceback (most recent call last):  File "/home/ben/Ben/Thesis/tractor_trailer_rl_cupy/scripts/train_obstacle.py", line 113, in <module>
    main()
  File "/home/ben/Ben/Thesis/tractor_trailer_rl_cupy/scripts/train_obstacle.py", line 75, in main
    from tractor_trailer_rl.batched.sb3_adapter import SB3BatchedVecEnv
  File "/home/ben/Ben/Thesis/tractor_trailer_rl_cupy/scripts/../src/tractor_trailer_rl/batched/sb3_adapter.py", line 25, in <module>
    from stable_baselines3.common.vec_env.base_vec_env import VecEnv  # noqa: E402
  File "/home/ben/.local/lib/python3.10/site-packages/stable_baselines3/__init__.py", line 3, in <module>
    from stable_baselines3.a2c import A2C
  File "/home/ben/.local/lib/python3.10/site-packages/stable_baselines3/a2c/__init__.py", line 1, in <module>
    from stable_baselines3.a2c.a2c import A2C
  File "/home/ben/.local/lib/python3.10/site-packages/stable_baselines3/a2c/a2c.py", line 8, in <module>
    from stable_baselines3.common.on_policy_algorithm import OnPolicyAlgorithm
  File "/home/ben/.local/lib/python3.10/site-packages/stable_baselines3/common/on_policy_algorithm.py", line 10, in <module>
    from stable_baselines3.common.base_class import BaseAlgorithm
  File "/home/ben/.local/lib/python3.10/site-packages/stable_baselines3/common/base_class.py", line 19, in <module>
    from stable_baselines3.common.env_util import is_wrapped
  File "/home/ben/.local/lib/python3.10/site-packages/stable_baselines3/common/env_util.py", line 6, in <module>
    from stable_baselines3.common.atari_wrappers import AtariWrapper
  File "/home/ben/.local/lib/python3.10/site-packages/stable_baselines3/common/atari_wrappers.py", line 10, in <module>
    import cv2
AttributeError: _ARRAY_API not found
[td3_forward_s0] Stage A: lane-following STOP_SIGNAL (300000 steps)
[td3_forward_s0] Stage A done (35s) compl=0.00 cte=1.179 -> results_obstacle/stageA_td3_forward_s0.zip
[td3_forward_s0] Stage B: warm-start stageA_td3_forward_s0.zip, obstacles ON (700000 steps)
[td3_forward_s0] Stage B done (87s) compl=0.00 cte=1.324 -> results_obstacle/stageB_td3_forward_s0.zip
[td3_forward_s0] eval table:  python scripts/eval_obstacle.py --model results_obstacle/stageB_td3_forward_s0.zip --direction forward
