\BOOKMARK [0][-]{section*.1}{\376\377\000A\000u\000t\000h\000o\000r\000'\000s\000\040\000D\000e\000c\000l\000a\000r\000a\000t\000i\000o\000n}{}% 1
\BOOKMARK [0][-]{section*.2}{\376\377\000A\000b\000s\000t\000r\000a\000c\000t}{}% 2
\BOOKMARK [0][-]{section*.3}{\376\377\000A\000c\000k\000n\000o\000w\000l\000e\000d\000g\000e\000m\000e\000n\000t\000s}{}% 3
\BOOKMARK [0][-]{section*.5}{\376\377\000L\000i\000s\000t\000\040\000o\000f\000\040\000F\000i\000g\000u\000r\000e\000s}{}% 4
\BOOKMARK [0][-]{section*.7}{\376\377\000L\000i\000s\000t\000\040\000o\000f\000\040\000T\000a\000b\000l\000e\000s}{}% 5
\BOOKMARK [0][-]{chapter*.9}{\376\377\000L\000i\000s\000t\000\040\000o\000f\000\040\000A\000b\000b\000r\000e\000v\000i\000a\000t\000i\000o\000n\000s}{}% 6
\BOOKMARK [0][-]{chapter*.10}{\376\377\000L\000i\000s\000t\000\040\000o\000f\000\040\000S\000y\000m\000b\000o\000l\000s}{}% 7
\BOOKMARK [0][-]{chapter.1}{\376\377\000I\000n\000t\000r\000o\000d\000u\000c\000t\000i\000o\000n}{}% 8
\BOOKMARK [1][-]{section.1.1}{\376\377\000M\000o\000t\000i\000v\000a\000t\000i\000o\000n}{chapter.1}% 9
\BOOKMARK [1][-]{section.1.2}{\376\377\000P\000r\000o\000b\000l\000e\000m\000\040\000D\000e\000f\000i\000n\000i\000t\000i\000o\000n}{chapter.1}% 10
\BOOKMARK [1][-]{section.1.3}{\376\377\000T\000h\000e\000s\000i\000s\000\040\000C\000o\000n\000t\000r\000i\000b\000u\000t\000i\000o\000n\000s}{chapter.1}% 11
\BOOKMARK [0][-]{chapter.2}{\376\377\000L\000i\000t\000e\000r\000a\000t\000u\000r\000e\000\040\000R\000e\000v\000i\000e\000w}{}% 12
\BOOKMARK [1][-]{section.2.1}{\376\377\000T\000h\000e\000\040\000A\000r\000t\000i\000c\000u\000l\000a\000t\000e\000d\000-\000V\000e\000h\000i\000c\000l\000e\000\040\000C\000o\000n\000t\000r\000o\000l\000\040\000P\000r\000o\000b\000l\000e\000m}{chapter.2}% 13
\BOOKMARK [1][-]{section.2.2}{\376\377\000C\000l\000a\000s\000s\000i\000c\000a\000l\000\040\000M\000o\000d\000e\000l\000-\000B\000a\000s\000e\000d\000\040\000C\000o\000n\000t\000r\000o\000l}{chapter.2}% 14
\BOOKMARK [1][-]{section.2.3}{\376\377\000L\000e\000a\000r\000n\000i\000n\000g\000-\000B\000a\000s\000e\000d\000\040\000C\000o\000n\000t\000r\000o\000l}{chapter.2}% 15
\BOOKMARK [1][-]{section.2.4}{\376\377\000P\000e\000r\000c\000e\000p\000t\000i\000o\000n\000\040\000a\000n\000d\000\040\000R\000e\000p\000r\000e\000s\000e\000n\000t\000a\000t\000i\000o\000n\000\040\000L\000e\000a\000r\000n\000i\000n\000g}{chapter.2}% 16
\BOOKMARK [1][-]{section.2.5}{\376\377\000S\000i\000m\000-\000t\000o\000-\000R\000e\000a\000l\000\040\000T\000r\000a\000n\000s\000f\000e\000r}{chapter.2}% 17
\BOOKMARK [1][-]{section.2.6}{\376\377\000S\000a\000f\000e\000t\000y\000\040\000a\000n\000d\000\040\000S\000t\000a\000n\000d\000a\000r\000d\000s}{chapter.2}% 18
\BOOKMARK [1][-]{section.2.7}{\376\377\000S\000y\000n\000t\000h\000e\000s\000i\000s\000\040\000a\000n\000d\000\040\000R\000e\000s\000e\000a\000r\000c\000h\000\040\000G\000a\000p}{chapter.2}% 19
\BOOKMARK [0][-]{chapter.3}{\376\377\000M\000o\000d\000e\000l\000i\000n\000g\000,\000\040\000S\000i\000m\000u\000l\000a\000t\000i\000o\000n\000,\000\040\000a\000n\000d\000\040\000P\000r\000o\000b\000l\000e\000m\000\040\000F\000o\000r\000m\000u\000l\000a\000t\000i\000o\000n}{}% 20
\BOOKMARK [1][-]{section.3.1}{\376\377\000T\000r\000a\000c\000t\000o\000r\000\040\000D\000y\000n\000a\000m\000i\000c\000s}{chapter.3}% 21
\BOOKMARK [1][-]{section.3.2}{\376\377\000T\000r\000a\000i\000l\000e\000r\000\040\000A\000r\000t\000i\000c\000u\000l\000a\000t\000i\000o\000n\000\040\000a\000n\000d\000\040\000R\000e\000v\000e\000r\000s\000e\000\040\000I\000n\000s\000t\000a\000b\000i\000l\000i\000t\000y}{chapter.3}% 22
\BOOKMARK [1][-]{section.3.3}{\376\377\000V\000e\000h\000i\000c\000l\000e\000\040\000P\000a\000r\000a\000m\000e\000t\000e\000r\000s}{chapter.3}% 23
\BOOKMARK [1][-]{section.3.4}{\376\377\000S\000i\000m\000u\000l\000a\000t\000i\000o\000n\000\040\000E\000n\000v\000i\000r\000o\000n\000m\000e\000n\000t}{chapter.3}% 24
\BOOKMARK [2][-]{subsection.3.4.1}{\376\377\000C\000o\000n\000t\000r\000o\000l\000\040\000P\000o\000l\000i\000c\000y\000\040\000I\000n\000t\000e\000r\000f\000a\000c\000e}{section.3.4}% 25
\BOOKMARK [1][-]{section.3.5}{\376\377\000E\000n\000v\000i\000r\000o\000n\000m\000e\000n\000t\000\040\000T\000a\000s\000k\000s}{chapter.3}% 26
\BOOKMARK [2][-]{subsection.3.5.1}{\376\377\000L\000a\000n\000e\000\040\000F\000o\000l\000l\000o\000w\000i\000n\000g}{section.3.5}% 27
\BOOKMARK [2][-]{subsection.3.5.2}{\376\377\000O\000b\000s\000t\000a\000c\000l\000e\000\040\000A\000v\000o\000i\000d\000a\000n\000c\000e}{section.3.5}% 28
\BOOKMARK [1][-]{section.3.6}{\376\377\000S\000c\000a\000l\000a\000b\000l\000e\000\040\000S\000i\000m\000u\000l\000a\000t\000i\000o\000n\000:\000\040\000G\000P\000U\000-\000P\000a\000r\000a\000l\000l\000e\000l\000\040\000B\000a\000t\000c\000h\000e\000d\000\040\000E\000n\000v\000i\000r\000o\000n\000m\000e\000n\000t\000s}{chapter.3}% 29
\BOOKMARK [2][-]{subsection.3.6.1}{\376\377\000B\000a\000t\000c\000h\000e\000d\000\040\000E\000n\000v\000i\000r\000o\000n\000m\000e\000n\000t\000\040\000D\000e\000s\000i\000g\000n}{section.3.6}% 30
\BOOKMARK [2][-]{subsection.3.6.2}{\376\377\000N\000u\000m\000e\000r\000i\000c\000a\000l\000\040\000P\000a\000r\000i\000t\000y}{section.3.6}% 31
\BOOKMARK [2][-]{subsection.3.6.3}{\376\377\000T\000h\000r\000o\000u\000g\000h\000p\000u\000t\000\040\000a\000n\000d\000\040\000S\000c\000a\000l\000i\000n\000g}{section.3.6}% 32
\BOOKMARK [0][-]{chapter.4}{\376\377\000L\000e\000a\000r\000n\000i\000n\000g\000\040\000F\000r\000a\000m\000e\000w\000o\000r\000k\000\040\000a\000n\000d\000\040\000E\000x\000p\000e\000r\000i\000m\000e\000n\000t\000a\000l\000\040\000R\000e\000s\000u\000l\000t\000s}{}% 33
\BOOKMARK [1][-]{section.4.1}{\376\377\000L\000e\000a\000r\000n\000i\000n\000g\000\040\000F\000r\000a\000m\000e\000w\000o\000r\000k\000\040\000O\000v\000e\000r\000v\000i\000e\000w}{chapter.4}% 34
\BOOKMARK [1][-]{section.4.2}{\376\377\000L\000e\000a\000r\000n\000i\000n\000g\000\040\000A\000l\000g\000o\000r\000i\000t\000h\000m\000\040\000a\000n\000d\000\040\000T\000r\000a\000i\000n\000i\000n\000g\000\040\000C\000o\000n\000f\000i\000g\000u\000r\000a\000t\000i\000o\000n}{chapter.4}% 35
\BOOKMARK [2][-]{subsection.4.2.1}{\376\377\000T\000w\000i\000n\000\040\000D\000e\000l\000a\000y\000e\000d\000\040\000D\000e\000e\000p\000\040\000D\000e\000t\000e\000r\000m\000i\000n\000i\000s\000t\000i\000c\000\040\000P\000o\000l\000i\000c\000y\000\040\000G\000r\000a\000d\000i\000e\000n\000t}{section.4.2}% 36
\BOOKMARK [2][-]{subsection.4.2.2}{\376\377\000T\000r\000a\000i\000n\000i\000n\000g\000\040\000C\000o\000n\000f\000i\000g\000u\000r\000a\000t\000i\000o\000n}{section.4.2}% 37
\BOOKMARK [1][-]{section.4.3}{\376\377\000E\000v\000a\000l\000u\000a\000t\000i\000o\000n\000\040\000P\000r\000o\000t\000o\000c\000o\000l}{chapter.4}% 38
\BOOKMARK [1][-]{section.4.4}{\376\377\000R\000e\000w\000a\000r\000d\000\040\000F\000o\000r\000m\000u\000l\000a\000t\000i\000o\000n\000\040\000a\000n\000d\000\040\000S\000e\000l\000e\000c\000t\000i\000o\000n}{chapter.4}% 39
\BOOKMARK [2][-]{subsection.4.4.1}{\376\377\000R\000e\000w\000a\000r\000d\000\040\000V\000a\000r\000i\000a\000n\000t\000s}{section.4.4}% 40
\BOOKMARK [2][-]{subsection.4.4.2}{\376\377\000S\000e\000l\000e\000c\000t\000i\000n\000g\000\040\000t\000h\000e\000\040\000A\000l\000g\000o\000r\000i\000t\000h\000m\000\040\000a\000n\000d\000\040\000t\000h\000e\000\040\000R\000e\000w\000a\000r\000d}{section.4.4}% 41
\BOOKMARK [1][-]{section.4.5}{\376\377\000O\000b\000s\000e\000r\000v\000a\000t\000i\000o\000n\000\040\000a\000n\000d\000\040\000P\000e\000r\000c\000e\000p\000t\000i\000o\000n\000\040\000D\000e\000s\000i\000g\000n}{chapter.4}% 42
\BOOKMARK [2][-]{subsection.4.5.1}{\376\377\000I\000m\000a\000g\000e\000\040\000E\000n\000c\000o\000d\000i\000n\000g\000\040\000a\000n\000d\000\040\000R\000e\000p\000r\000e\000s\000e\000n\000t\000a\000t\000i\000o\000n\000\040\000L\000e\000a\000r\000n\000i\000n\000g}{section.4.5}% 43
\BOOKMARK [2][-]{subsection.4.5.2}{\376\377\000O\000b\000s\000e\000r\000v\000a\000t\000i\000o\000n\000\040\000S\000p\000a\000c\000e\000\040\000S\000u\000m\000m\000a\000r\000y}{section.4.5}% 44
\BOOKMARK [1][-]{section.4.6}{\376\377\000O\000b\000s\000e\000r\000v\000a\000t\000i\000o\000n\000-\000S\000p\000a\000c\000e\000\040\000A\000b\000l\000a\000t\000i\000o\000n}{chapter.4}% 45
\BOOKMARK [1][-]{section.4.7}{\376\377\000T\000r\000a\000i\000n\000i\000n\000g\000\040\000H\000i\000g\000h\000-\000D\000i\000m\000e\000n\000s\000i\000o\000n\000a\000l\000-\000O\000b\000s\000e\000r\000v\000a\000t\000i\000o\000n\000\040\000P\000o\000l\000i\000c\000i\000e\000s}{chapter.4}% 46
\BOOKMARK [2][-]{subsection.4.7.1}{\376\377\000A\000n\000\040\000O\000f\000f\000-\000P\000o\000l\000i\000c\000y\000\040\000I\000n\000s\000t\000a\000b\000i\000l\000i\000t\000y\000\040\000H\000y\000p\000o\000t\000h\000e\000s\000i\000s}{section.4.7}% 47
\BOOKMARK [2][-]{subsection.4.7.2}{\376\377\000R\000e\000p\000r\000e\000s\000e\000n\000t\000a\000t\000i\000o\000n\000\040\000P\000r\000e\000t\000r\000a\000i\000n\000i\000n\000g\000\040\000a\000n\000d\000\040\000W\000a\000r\000m\000-\000S\000t\000a\000r\000t\000i\000n\000g\000\040\000t\000h\000e\000\040\000P\000o\000l\000i\000c\000y}{section.4.7}% 48
\BOOKMARK [2][-]{subsection.4.7.3}{\376\377\000G\000e\000o\000m\000e\000t\000r\000y\000\040\000D\000i\000s\000t\000i\000l\000l\000a\000t\000i\000o\000n}{section.4.7}% 49
\BOOKMARK [2][-]{subsection.4.7.4}{\376\377\000I\000s\000o\000l\000a\000t\000i\000n\000g\000\040\000t\000h\000e\000\040\000F\000a\000i\000l\000u\000r\000e\000\040\000M\000o\000d\000e}{section.4.7}% 50
\BOOKMARK [2][-]{subsection.4.7.5}{\376\377\000W\000h\000a\000t\000\040\000t\000h\000e\000\040\000F\000r\000o\000z\000e\000n\000\040\000E\000n\000c\000o\000d\000e\000r\000\040\000R\000e\000c\000o\000v\000e\000r\000s}{section.4.7}% 51
\BOOKMARK [1][-]{section.4.8}{\376\377\000O\000b\000s\000t\000a\000c\000l\000e\000\040\000N\000a\000v\000i\000g\000a\000t\000i\000o\000n}{chapter.4}% 52
\BOOKMARK [2][-]{subsection.4.8.1}{\376\377\000O\000b\000s\000t\000a\000c\000l\000e\000\040\000R\000e\000w\000a\000r\000d\000\040\000a\000n\000d\000\040\000C\000u\000r\000r\000i\000c\000u\000l\000u\000m\000\040\000D\000e\000s\000i\000g\000n}{section.4.8}% 53
\BOOKMARK [2][-]{subsection.4.8.2}{\376\377\000D\000i\000r\000e\000c\000t\000\040\000O\000b\000s\000t\000a\000c\000l\000e\000\040\000E\000n\000c\000o\000d\000i\000n\000g}{section.4.8}% 54
\BOOKMARK [2][-]{subsection.4.8.3}{\376\377\000O\000b\000s\000e\000r\000v\000i\000n\000g\000\040\000t\000h\000e\000\040\000A\000v\000o\000i\000d\000a\000n\000c\000e\000\040\000P\000a\000t\000h}{section.4.8}% 55
\BOOKMARK [2][-]{subsection.4.8.4}{\376\377\000T\000h\000e\000\040\000S\000t\000o\000p\000\040\000D\000e\000c\000i\000s\000i\000o\000n\000\040\000a\000n\000d\000\040\000F\000o\000r\000w\000a\000r\000d\000\040\000R\000e\000s\000u\000l\000t\000s}{section.4.8}% 56
\BOOKMARK [2][-]{subsection.4.8.5}{\376\377\000S\000t\000a\000t\000e\000-\000D\000e\000p\000e\000n\000d\000e\000n\000t\000\040\000D\000i\000f\000f\000i\000c\000u\000l\000t\000y\000\040\000i\000n\000\040\000R\000e\000v\000e\000r\000s\000e}{section.4.8}% 57
\BOOKMARK [2][-]{subsection.4.8.6}{\376\377\000R\000e\000c\000o\000v\000e\000r\000i\000n\000g\000\040\000t\000h\000e\000\040\000D\000i\000f\000f\000i\000c\000u\000l\000t\000y\000\040\000f\000r\000o\000m\000\040\000t\000h\000e\000\040\000I\000m\000a\000g\000e}{section.4.8}% 58
\BOOKMARK [2][-]{subsection.4.8.7}{\376\377\000D\000e\000t\000e\000r\000m\000i\000n\000i\000s\000t\000i\000c\000\040\000S\000a\000f\000e\000t\000y\000\040\000G\000a\000t\000e}{section.4.8}% 59
\BOOKMARK [1][-]{section.4.9}{\376\377\000C\000o\000m\000p\000a\000r\000i\000s\000o\000n\000\040\000w\000i\000t\000h\000\040\000C\000l\000a\000s\000s\000i\000c\000a\000l\000\040\000C\000o\000n\000t\000r\000o\000l\000l\000e\000r\000s}{chapter.4}% 60
\BOOKMARK [2][-]{subsection.4.9.1}{\376\377\000I\000n\000f\000o\000r\000m\000a\000t\000i\000o\000n\000\040\000P\000a\000r\000i\000t\000y\000\040\000b\000e\000t\000w\000e\000e\000n\000\040\000L\000e\000a\000r\000n\000e\000d\000\040\000a\000n\000d\000\040\000C\000l\000a\000s\000s\000i\000c\000a\000l\000\040\000C\000o\000n\000t\000r\000o\000l\000l\000e\000r\000s}{section.4.9}% 61
\BOOKMARK [1][-]{section.4.10}{\376\377\000F\000a\000i\000l\000u\000r\000e\000\040\000M\000o\000d\000e\000s\000\040\000a\000n\000d\000\040\000D\000e\000p\000l\000o\000y\000m\000e\000n\000t\000\040\000R\000e\000l\000e\000v\000a\000n\000c\000e}{chapter.4}% 62
\BOOKMARK [1][-]{section.4.11}{\376\377\000S\000u\000m\000m\000a\000r\000y}{chapter.4}% 63
\BOOKMARK [0][-]{chapter.5}{\376\377\000S\000i\000m\000-\000t\000o\000-\000R\000e\000a\000l\000\040\000D\000e\000p\000l\000o\000y\000m\000e\000n\000t}{}% 64
\BOOKMARK [1][-]{section.5.1}{\376\377\000O\000v\000e\000r\000v\000i\000e\000w}{chapter.5}% 65
\BOOKMARK [1][-]{section.5.2}{\376\377\000H\000a\000r\000d\000w\000a\000r\000e\000\040\000P\000l\000a\000t\000f\000o\000r\000m}{chapter.5}% 66
\BOOKMARK [1][-]{section.5.3}{\376\377\000S\000o\000f\000t\000w\000a\000r\000e\000\040\000A\000r\000c\000h\000i\000t\000e\000c\000t\000u\000r\000e}{chapter.5}% 67
\BOOKMARK [2][-]{subsection.5.3.1}{\376\377\000M\000i\000d\000d\000l\000e\000w\000a\000r\000e\000\040\000a\000n\000d\000\040\000F\000r\000a\000m\000e\000w\000o\000r\000k}{section.5.3}% 68
\BOOKMARK [2][-]{subsection.5.3.2}{\376\377\000R\000e\000l\000a\000t\000i\000o\000n\000s\000h\000i\000p\000\040\000t\000o\000\040\000t\000h\000e\000\040\000C\000o\000n\000v\000e\000n\000t\000i\000o\000n\000a\000l\000\040\000A\000r\000t\000i\000c\000u\000l\000a\000t\000e\000d\000\040\000P\000i\000p\000e\000l\000i\000n\000e}{section.5.3}% 69
\BOOKMARK [2][-]{subsection.5.3.3}{\376\377\000R\000L\000\040\000B\000r\000i\000d\000g\000e\000\040\000N\000o\000d\000e\000\040\000A\000r\000c\000h\000i\000t\000e\000c\000t\000u\000r\000e}{section.5.3}% 70
\BOOKMARK [2][-]{subsection.5.3.4}{\376\377\000H\000i\000t\000c\000h\000\040\000A\000n\000g\000l\000e\000\040\000E\000s\000t\000i\000m\000a\000t\000i\000o\000n}{section.5.3}% 71
\BOOKMARK [2][-]{subsection.5.3.5}{\376\377\000T\000r\000a\000i\000l\000e\000r\000\040\000S\000t\000a\000t\000e\000\040\000E\000s\000t\000i\000m\000a\000t\000i\000o\000n}{section.5.3}% 72
\BOOKMARK [1][-]{section.5.4}{\376\377\000S\000i\000m\000-\000t\000o\000-\000R\000e\000a\000l\000\040\000G\000a\000p\000\040\000A\000n\000a\000l\000y\000s\000i\000s}{chapter.5}% 73
\BOOKMARK [1][-]{section.5.5}{\376\377\000I\000n\000f\000r\000a\000s\000t\000r\000u\000c\000t\000u\000r\000e\000\040\000S\000e\000n\000s\000o\000r\000\040\000N\000o\000d\000e\000s}{chapter.5}% 74
\BOOKMARK [1][-]{section.5.6}{\376\377\000D\000e\000p\000l\000o\000y\000m\000e\000n\000t\000\040\000R\000e\000s\000u\000l\000t\000s}{chapter.5}% 75
\BOOKMARK [2][-]{subsection.5.6.1}{\376\377\000T\000r\000i\000a\000l\000\040\000P\000r\000o\000t\000o\000c\000o\000l}{section.5.6}% 76
\BOOKMARK [2][-]{subsection.5.6.2}{\376\377\000T\000r\000a\000c\000k\000i\000n\000g\000\040\000P\000e\000r\000f\000o\000r\000m\000a\000n\000c\000e}{section.5.6}% 77
\BOOKMARK [2][-]{subsection.5.6.3}{\376\377\000A\000r\000t\000i\000c\000u\000l\000a\000t\000i\000o\000n\000\040\000L\000i\000m\000i\000t\000\040\000C\000y\000c\000l\000e}{section.5.6}% 78
\BOOKMARK [1][-]{section.5.7}{\376\377\000S\000u\000m\000m\000a\000r\000y}{chapter.5}% 79
\BOOKMARK [0][-]{chapter.6}{\376\377\000C\000o\000n\000c\000l\000u\000s\000i\000o\000n}{}% 80
\BOOKMARK [1][-]{section.6.1}{\376\377\000S\000u\000m\000m\000a\000r\000y\000\040\000o\000f\000\040\000F\000i\000n\000d\000i\000n\000g\000s}{chapter.6}% 81
\BOOKMARK [1][-]{section.6.2}{\376\377\000L\000i\000m\000i\000t\000a\000t\000i\000o\000n\000s}{chapter.6}% 82
\BOOKMARK [1][-]{section.6.3}{\376\377\000F\000u\000t\000u\000r\000e\000\040\000W\000o\000r\000k}{chapter.6}% 83
\BOOKMARK [0][-]{appendix.A}{\376\377\000C\000l\000a\000s\000s\000i\000c\000a\000l\000\040\000C\000o\000n\000t\000r\000o\000l\000l\000e\000r\000\040\000I\000m\000p\000l\000e\000m\000e\000n\000t\000a\000t\000i\000o\000n}{}% 84
\BOOKMARK [1][-]{section.A.1}{\376\377\000C\000o\000m\000m\000o\000n\000\040\000f\000r\000a\000m\000e\000w\000o\000r\000k}{appendix.A}% 85
\BOOKMARK [2][-]{subsection.A.1.1}{\376\377\000O\000b\000s\000e\000r\000v\000a\000t\000i\000o\000n\000\040\000l\000a\000y\000o\000u\000t\000\040\000a\000n\000d\000\040\000s\000h\000a\000r\000e\000d\000\040\000a\000c\000t\000i\000o\000n\000\040\000m\000a\000p\000p\000i\000n\000g}{section.A.1}% 86
\BOOKMARK [2][-]{subsection.A.1.2}{\376\377\000F\000o\000r\000w\000a\000r\000d\000\040\000a\000n\000d\000\040\000r\000e\000v\000e\000r\000s\000e\000\040\000t\000r\000a\000c\000k\000i\000n\000g}{section.A.1}% 87
\BOOKMARK [2][-]{subsection.A.1.3}{\376\377\000V\000e\000h\000i\000c\000l\000e\000\040\000p\000a\000r\000a\000m\000e\000t\000e\000r\000s}{section.A.1}% 88
\BOOKMARK [1][-]{section.A.2}{\376\377\000P\000u\000r\000e\000\040\000P\000u\000r\000s\000u\000i\000t}{appendix.A}% 89
\BOOKMARK [1][-]{section.A.3}{\376\377\000P\000I\000D}{appendix.A}% 90
\BOOKMARK [1][-]{section.A.4}{\376\377\000L\000Q\000R}{appendix.A}% 91
\BOOKMARK [1][-]{section.A.5}{\376\377\000K\000i\000n\000e\000m\000a\000t\000i\000c\000\040\000L\000T\000V\000\040\000M\000P\000C}{appendix.A}% 92
\BOOKMARK [2][-]{subsection.A.5.1}{\376\377\000P\000r\000e\000d\000i\000c\000t\000i\000o\000n\000\040\000m\000o\000d\000e\000l\000s}{section.A.5}% 93
\BOOKMARK [2][-]{subsection.A.5.2}{\376\377\000C\000o\000n\000d\000e\000n\000s\000e\000d\000\040\000q\000u\000a\000d\000r\000a\000t\000i\000c\000\040\000p\000r\000o\000g\000r\000a\000m}{section.A.5}% 94
\BOOKMARK [1][-]{section.A.6}{\376\377\000G\000a\000i\000n\000-\000t\000u\000n\000i\000n\000g\000\040\000m\000e\000t\000h\000o\000d\000o\000l\000o\000g\000y}{appendix.A}% 95
\BOOKMARK [1][-]{section.A.7}{\376\377\000E\000v\000a\000l\000u\000a\000t\000i\000o\000n\000\040\000h\000a\000r\000n\000e\000s\000s}{appendix.A}% 96
\BOOKMARK [0][-]{appendix.B}{\376\377\000H\000i\000g\000h\000-\000F\000i\000d\000e\000l\000i\000t\000y\000\040\000G\000e\000o\000g\000r\000a\000p\000h\000i\000c\000\040\000S\000i\000m\000u\000l\000a\000t\000i\000o\000n}{}% 97
\BOOKMARK [1][-]{subsection.B.0.1}{\376\377\000A\000r\000t\000i\000c\000u\000l\000a\000t\000e\000d\000\040\000V\000e\000h\000i\000c\000l\000e\000\040\000M\000o\000d\000e\000l}{appendix.B}% 98
